Storage Sanitized: Sun Jun 28 16:30:09 UTC 2026
Storage Sanitized: Mon Jun 29 10:30:59 UTC 2026
Storage Sanitized: Tue Jun 30 10:30:59 UTC 2026
Storage Sanitized: Wed Jul  1 10:31:01 UTC 2026
Storage Sanitized: Thu Jul  2 10:30:58 UTC 2026
Storage Sanitized: Fri Jul  3 10:31:00 UTC 2026
Storage Sanitized: Sat Jul  4 10:30:54 UTC 2026
Storage Sanitized: Sun Jul  5 10:30:58 UTC 2026
Storage Sanitized: Mon Jul  6 10:30:57 UTC 2026
Storage Sanitized: Tue Jul  7 10:30:55 UTC 2026
Storage Sanitized: Wed Jul  8 11:22:50 UTC 2026
Storage Sanitized: Thu Jul  9 10:32:46 UTC 2026
Storage Sanitized: Fri Jul 10 10:31:02 UTC 2026
Storage Sanitized: Sat Jul 11 10:31:03 UTC 2026
Storage Sanitized: Sun Jul 12 10:30:58 UTC 2026
Storage Sanitized: Mon Jul 13 10:30:59 UTC 2026
Storage Sanitized: Tue Jul 14 10:31:01 UTC 2026
Storage Sanitized: Wed Jul 15 10:31:07 UTC 2026
Storage Sanitized: Thu Jul 16 10:31:11 UTC 2026
Storage Sanitized: Fri Jul 17 10:31:08 UTC 2026
Storage Sanitized: Sat Jul 18 10:31:02 UTC 2026
Storage Sanitized: Sun Jul 19 10:31:48 UTC 2026
Storage Sanitized: Mon Jul 20 10:31:05 UTC 2026
Storage Sanitized: Tue Jul 21 10:31:04 UTC 2026
Storage Sanitized: Wed Jul 22 10:31:04 UTC 2026
Storage Sanitized: Thu Jul 23 10:31:18 UTC 2026
Storage Sanitized: Fri Jul 24 10:31:00 UTC 2026
Storage Sanitized: Sat Jul 25 10:31:08 UTC 2026
Storage Sanitized: Sun Jul 26 10:31:01 UTC 2026
Storage Sanitized: Mon Jul 27 11:43:25 UTC 2026
Storage Sanitized: Tue Jul 28 10:31:05 UTC 2026
Storage Sanitized: Wed Jul 29 10:30:57 UTC 2026
Storage Sanitized: Thu Jul 30 10:30:39 UTC 2026
Storage Sanitized: Fri Jul 31 10:30:38 UTC 2026
Storage Sanitized: Sat Aug  1 10:30:37 UTC 2026
Storage Sanitized: Sun Aug  2 10:30:37 UTC 2026
Storage Sanitized: Mon Aug  3 10:30:41 UTC 2026
Storage Sanitized: Tue Aug  4 10:30:34 UTC 2026
Storage Sanitized: Wed Aug  5 10:30:30 UTC 2026
Storage Sanitized: Thu Aug  6 10:30:33 UTC 2026
Storage Sanitized: Fri Aug  7 10:30:35 UTC 2026
Storage Sanitized: Sat Aug  8 10:30:37 UTC 2026
Storage Sanitized: Sun Aug  9 10:30:39 UTC 2026
Storage Sanitized: Mon Aug 10 10:30:37 UTC 2026
Storage Sanitized: Tue Aug 11 10:30:38 UTC 2026
Storage Sanitized: Wed Aug 12 10:30:39 UTC 2026
Storage Sanitized: Thu Aug 13 10:30:38 UTC 2026
Storage Sanitized: Fri Aug 14 10:30:39 UTC 2026
Storage Sanitized: Sat Aug 15 10:30:39 UTC 2026
Storage Sanitized: Sun Aug 16 10:30:37 UTC 2026
Storage Sanitized: Mon Aug 17 10:30:35 UTC 2026
Storage Sanitized: Tue Aug 18 10:30:41 UTC 2026
Storage Sanitized: Wed Aug 19 10:30:40 UTC 2026
Storage Sanitized: Thu Aug 20 10:30:43 UTC 2026
Storage Sanitized: Fri Aug 21 10:30:41 UTC 2026
Storage Sanitized: Sat Aug 22 10:30:32 UTC 2026
Storage Sanitized: Sun Aug 23 10:30:41 UTC 2026
Storage Sanitized: Mon Aug 24 10:30:41 UTC 2026
Storage Sanitized: Tue Aug 25 10:30:42 UTC 2026
Storage Sanitized: Wed Aug 26 10:30:40 UTC 2026
Storage Sanitized: Thu Aug 27 10:30:43 UTC 2026
Storage Sanitized: Fri Aug 28 10:30:44 UTC 2026
Storage Sanitized: Sat Aug 29 10:30:45 UTC 2026
Storage Sanitized: Sun Aug 30 10:30:42 UTC 2026
Storage Sanitized: Mon Aug 31 10:30:39 UTC 2026
Storage Sanitized: Tue Sep  1 10:30:45 UTC 2026
Storage Sanitized: Wed Sep  2 10:30:39 UTC 2026
Storage Sanitized: Thu Sep  3 10:30:42 UTC 2026
Storage Sanitized: Fri Sep  4 10:30:39 UTC 2026
Storage Sanitized: Sat Sep  5 10:30:44 UTC 2026
Storage Sanitized: Sun Sep  6 10:30:42 UTC 2026
Storage Sanitized: Mon Sep  7 10:30:39 UTC 2026
Storage Sanitized: Tue Sep  8 10:30:42 UTC 2026
Storage Sanitized: Wed Sep  9 10:30:43 UTC 2026
Storage Sanitized: Thu Sep 10 10:30:41 UTC 2026
Storage Sanitized: Fri Sep 11 10:30:45 UTC 2026
Storage Sanitized: Sat Sep 12 10:30:45 UTC 2026
Storage Sanitized: Sun Sep 13 10:30:43 UTC 2026
Storage Sanitized: Mon Sep 14 10:30:55 UTC 2026
Storage Sanitized: Tue Sep 15 10:30:42 UTC 2026
Storage Sanitized: Wed Sep 16 10:30:42 UTC 2026
Storage Sanitized: Thu Sep 17 10:30:44 UTC 2026
Storage Sanitized: Fri Sep 18 10:30:43 UTC 2026
Storage Sanitized: Sat Sep 19 10:30:39 UTC 2026
Storage Sanitized: Sun Sep 20 10:30:44 UTC 2026
Storage Sanitized: Mon Sep 21 10:30:43 UTC 2026
Storage Sanitized: Tue Sep 22 10:30:44 UTC 2026
Storage Sanitized: Wed Sep 23 10:30:46 UTC 2026
Storage Sanitized: Thu Sep 24 10:30:43 UTC 2026
Storage Sanitized: Fri Sep 25 10:30:40 UTC 2026
Storage Sanitized: Sat Sep 26 10:30:45 UTC 2026
Storage Sanitized: Sun Sep 27 10:30:44 UTC 2026
Storage Sanitized: Mon Sep 28 10:30:43 UTC 2026
Storage Sanitized: Tue Sep 29 10:30:46 UTC 2026
Storage Sanitized: Wed Sep 30 10:30:40 UTC 2026
Storage Sanitized: Thu Oct  1 10:30:49 UTC 2026
Storage Sanitized: Fri Oct  2 10:30:47 UTC 2026
Storage Sanitized: Mon Oct  5 10:30:44 UTC 2026
